// Vitest Snapshot v1, https://vitest.dev/guide/snapshot.html

exports[`matches snapshot 1`] = `
<div>
  <div
    class="Card"
  >
    <h4
      class="Card-title"
    >
      testing image 1
    </h4>
    <img
      alt="testing image 1"
      class="Card-image"
      src="test1.com"
    />
    <small
      class="Card-small"
    >
      Image 
      0
       of 
      0
      .
    </small>
  </div>
</div>
`;
